
PROGRAM "C:\Users\b33288\Desktop\MED-EKG\Software\SW for MM devices with FIR\ECG for S08MM\bin\Project.abs"

*********************************************************************************************
TARGET SECTION
---------------------------------------------------------------------------------------------
Processor   : Freescale HC08
Memory Model: SMALL
File Format : ELF\DWARF 2.0
Linker      : SmartLinker V-5.0.37 Build 9279, Oct  7 2009

*********************************************************************************************
FILE SECTION
---------------------------------------------------------------------------------------------
RTSHC08.C.o (ansiis.lib)                Model: SMALL,         Lang: ANSI-C
STRING.C.o (ansiis.lib)                 Model: SMALL,         Lang: ANSI-C
MC9S08MM128.C.o                         Model: SMALL,         Lang: ANSI-C
Start08.c.o                             Model: SMALL,         Lang: ANSI-C
usb_framework.c.o                       Model: SMALL,         Lang: ANSI-C
DAC.c.o                                 Model: SMALL,         Lang: ANSI-C
AverageFilter.c.o                       Model: SMALL,         Lang: ANSI-C
ADC.c.o                                 Model: SMALL,         Lang: ANSI-C
OPAMP.c.o                               Model: SMALL,         Lang: ANSI-C
IICV1Driver.c.o                         Model: SMALL,         Lang: ANSI-C
EcgDsc.c.o                              Model: SMALL,         Lang: ANSI-C
ekg.c.o                                 Model: SMALL,         Lang: ANSI-C
main.c.o                                Model: SMALL,         Lang: ANSI-C
usb_descriptor.c.o                      Model: SMALL,         Lang: ANSI-C
tpm.c.o                                 Model: SMALL,         Lang: ANSI-C
Ecg.c.o                                 Model: SMALL,         Lang: ANSI-C
usb_class.c.o                           Model: SMALL,         Lang: ANSI-C
usb_cdc_pstn.c.o                        Model: SMALL,         Lang: ANSI-C
usb_cdc.c.o                             Model: SMALL,         Lang: ANSI-C
usb_dci.c.o                             Model: SMALL,         Lang: ANSI-C
usb_driver.c.o                          Model: SMALL,         Lang: ANSI-C
MM_Timers.c.o                           Model: SMALL,         Lang: ANSI-C
HeartRate.c.o                           Model: SMALL,         Lang: ANSI-C
EcgFir.c.o                              Model: SMALL,         Lang: ANSI-C

*********************************************************************************************
STARTUP SECTION
---------------------------------------------------------------------------------------------
Entry point: 0xC07B (_Startup)
_startupData is allocated at 0xC084 and uses 6 Bytes
extern struct _tagStartup {
  unsigned nofZeroOut     1
  _Range   pZeroOut       0x100     1131
  _Copy    *toCopyDownBeg 0xFB19
} _startupData;

*********************************************************************************************
SECTION-ALLOCATION SECTION
Section Name                    Size  Type     From       To       Segment
---------------------------------------------------------------------------------------------
.data                             58   R/W      0x100      0x139   RAM
.init                            132     R     0xC000     0xC083   ROM
.startData                        22     R     0xC084     0xC099   ROM
.rodata                          584     R     0xC09A     0xC2E1   ROM
NON_BANKED                        40     R     0xC2E2     0xC309   ROM
.text                          14351     R     0xC30A     0xFB18   ROM
.copy                             64     R     0xFB19     0xFB58   ROM
.abs_section_0                     1   N/I        0x0        0x0   .absSeg0
.abs_section_1                     1   N/I        0x1        0x1   .absSeg1
.abs_section_2                     1   N/I        0x2        0x2   .absSeg2
.abs_section_3                     1   N/I        0x3        0x3   .absSeg3
.abs_section_4                     1   N/I        0x4        0x4   .absSeg4
.abs_section_5                     1   N/I        0x5        0x5   .absSeg5
.abs_section_6                     1   N/I        0x6        0x6   .absSeg6
.abs_section_7                     1   N/I        0x7        0x7   .absSeg7
.abs_section_8                     1   N/I        0x8        0x8   .absSeg8
.abs_section_9                     1   N/I        0x9        0x9   .absSeg9
.abs_section_a                     1   N/I        0xA        0xA   .absSeg10
.abs_section_b                     1   N/I        0xB        0xB   .absSeg11
.abs_section_c                     1   N/I        0xC        0xC   .absSeg12
.abs_section_d                     1   N/I        0xD        0xD   .absSeg13
.abs_section_e                     1   N/I        0xE        0xE   .absSeg14
.abs_section_f                     1   N/I        0xF        0xF   .absSeg15
.abs_section_30                    1   N/I       0x30       0x30   .absSeg16
.abs_section_31                    1   N/I       0x31       0x31   .absSeg17
.abs_section_32                    1   N/I       0x32       0x32   .absSeg18
.abs_section_33                    1   N/I       0x33       0x33   .absSeg19
.abs_section_34                    1   N/I       0x34       0x34   .absSeg20
.abs_section_35                    1   N/I       0x35       0x35   .absSeg21
.abs_section_36                    1   N/I       0x36       0x36   .absSeg22
.abs_section_37                    1   N/I       0x37       0x37   .absSeg23
.abs_section_38                    1   N/I       0x38       0x38   .absSeg24
.abs_section_39                    1   N/I       0x39       0x39   .absSeg25
.abs_section_3a                    1   N/I       0x3A       0x3A   .absSeg26
.abs_section_3b                    1   N/I       0x3B       0x3B   .absSeg27
.abs_section_3c                    1   N/I       0x3C       0x3C   .absSeg28
.abs_section_3d                    1   N/I       0x3D       0x3D   .absSeg29
.abs_section_40                    1   N/I       0x40       0x40   .absSeg30
.abs_section_41                    1   N/I       0x41       0x41   .absSeg31
.abs_section_42                    1   N/I       0x42       0x42   .absSeg32
.abs_section_43                    1   N/I       0x43       0x43   .absSeg33
.abs_section_44                    1   N/I       0x44       0x44   .absSeg34
.abs_section_45                    1   N/I       0x45       0x45   .absSeg35
.abs_section_46                    1   N/I       0x46       0x46   .absSeg36
.abs_section_47                    1   N/I       0x47       0x47   .absSeg37
.abs_section_48                    1   N/I       0x48       0x48   .absSeg38
.abs_section_49                    1   N/I       0x49       0x49   .absSeg39
.abs_section_5c                    1   N/I       0x5C       0x5C   .absSeg40
.abs_section_5d                    1   N/I       0x5D       0x5D   .absSeg41
.abs_section_5f                    1   N/I       0x5F       0x5F   .absSeg42
.abs_section_60                    1   N/I       0x60       0x60   .absSeg43
.abs_section_61                    1   N/I       0x61       0x61   .absSeg44
.abs_section_62                    1   N/I       0x62       0x62   .absSeg45
.abs_section_63                    1   N/I       0x63       0x63   .absSeg46
.abs_section_64                    1   N/I       0x64       0x64   .absSeg47
.abs_section_65                    1   N/I       0x65       0x65   .absSeg48
.abs_section_66                    1   N/I       0x66       0x66   .absSeg49
.abs_section_67                    1   N/I       0x67       0x67   .absSeg50
.abs_section_6a                    1   N/I       0x6A       0x6A   .absSeg51
.abs_section_6c                    1   N/I       0x6C       0x6C   .absSeg52
.abs_section_6d                    1   N/I       0x6D       0x6D   .absSeg53
.abs_section_6e                    1   N/I       0x6E       0x6E   .absSeg54
.abs_section_70                    1   N/I       0x70       0x70   .absSeg55
.abs_section_71                    1   N/I       0x71       0x71   .absSeg56
.abs_section_72                    1   N/I       0x72       0x72   .absSeg57
.abs_section_73                    1   N/I       0x73       0x73   .absSeg58
.abs_section_78                    1   N/I       0x78       0x78   .absSeg59
.abs_section_79                    1   N/I       0x79       0x79   .absSeg60
.abs_section_7c                    1   N/I       0x7C       0x7C   .absSeg61
.abs_section_7d                    1   N/I       0x7D       0x7D   .absSeg62
.abs_section_7e                    1   N/I       0x7E       0x7E   .absSeg63
.abs_section_80                    1   N/I       0x80       0x80   .absSeg64
.abs_section_88                    1   N/I       0x88       0x88   .absSeg65
.abs_section_89                    1   N/I       0x89       0x89   .absSeg66
.abs_section_8a                    1   N/I       0x8A       0x8A   .absSeg67
.abs_section_90                    1   N/I       0x90       0x90   .absSeg68
.abs_section_91                    1   N/I       0x91       0x91   .absSeg69
.abs_section_92                    1   N/I       0x92       0x92   .absSeg70
.abs_section_93                    1   N/I       0x93       0x93   .absSeg71
.abs_section_94                    1   N/I       0x94       0x94   .absSeg72
.abs_section_95                    1   N/I       0x95       0x95   .absSeg73
.abs_section_96                    1   N/I       0x96       0x96   .absSeg74
.abs_section_97                    1   N/I       0x97       0x97   .absSeg75
.abs_section_98                    1   N/I       0x98       0x98   .absSeg76
.abs_section_9d                    1   N/I       0x9D       0x9D   .absSeg77
.abs_section_9e                    1   N/I       0x9E       0x9E   .absSeg78
.abs_section_9f                    1   N/I       0x9F       0x9F   .absSeg79
.abs_section_a0                    1   N/I       0xA0       0xA0   .absSeg80
.abs_section_a1                    1   N/I       0xA1       0xA1   .absSeg81
.abs_section_a2                    1   N/I       0xA2       0xA2   .absSeg82
.abs_section_a3                    1   N/I       0xA3       0xA3   .absSeg83
.abs_section_1800                  1   N/I     0x1800     0x1800   .absSeg84
.abs_section_1801                  1   N/I     0x1801     0x1801   .absSeg85
.abs_section_1802                  1   N/I     0x1802     0x1802   .absSeg86
.abs_section_1803                  1   N/I     0x1803     0x1803   .absSeg87
.abs_section_1808                  1   N/I     0x1808     0x1808   .absSeg88
.abs_section_1809                  1   N/I     0x1809     0x1809   .absSeg89
.abs_section_180a                  1   N/I     0x180A     0x180A   .absSeg90
.abs_section_180b                  1   N/I     0x180B     0x180B   .absSeg91
.abs_section_180c                  1   N/I     0x180C     0x180C   .absSeg92
.abs_section_180e                  1   N/I     0x180E     0x180E   .absSeg93
.abs_section_180f                  1   N/I     0x180F     0x180F   .absSeg94
.abs_section_1810                  1   N/I     0x1810     0x1810   .absSeg95
.abs_section_1811                  1   N/I     0x1811     0x1811   .absSeg96
.abs_section_1812                  1   N/I     0x1812     0x1812   .absSeg97
.abs_section_1813                  1   N/I     0x1813     0x1813   .absSeg98
.abs_section_1814                  1   N/I     0x1814     0x1814   .absSeg99
.abs_section_1819                  1   N/I     0x1819     0x1819   .absSeg100
.abs_section_181c                  1   N/I     0x181C     0x181C   .absSeg101
.abs_section_181d                  1   N/I     0x181D     0x181D   .absSeg102
.abs_section_181f                  1   N/I     0x181F     0x181F   .absSeg103
.abs_section_1820                  1   N/I     0x1820     0x1820   .absSeg104
.abs_section_1821                  1   N/I     0x1821     0x1821   .absSeg105
.abs_section_1823                  1   N/I     0x1823     0x1823   .absSeg106
.abs_section_1824                  1   N/I     0x1824     0x1824   .absSeg107
.abs_section_1825                  1   N/I     0x1825     0x1825   .absSeg108
.abs_section_1826                  1   N/I     0x1826     0x1826   .absSeg109
.abs_section_1830                  1   N/I     0x1830     0x1830   .absSeg110
.abs_section_1831                  1   N/I     0x1831     0x1831   .absSeg111
.abs_section_1832                  1   N/I     0x1832     0x1832   .absSeg112
.abs_section_1833                  1   N/I     0x1833     0x1833   .absSeg113
.abs_section_183a                  1   N/I     0x183A     0x183A   .absSeg114
.abs_section_183b                  1   N/I     0x183B     0x183B   .absSeg115
.abs_section_183c                  1   N/I     0x183C     0x183C   .absSeg116
.abs_section_183d                  1   N/I     0x183D     0x183D   .absSeg117
.abs_section_183e                  1   N/I     0x183E     0x183E   .absSeg118
.abs_section_183f                  1   N/I     0x183F     0x183F   .absSeg119
.abs_section_1840                  1   N/I     0x1840     0x1840   .absSeg120
.abs_section_1841                  1   N/I     0x1841     0x1841   .absSeg121
.abs_section_1842                  1   N/I     0x1842     0x1842   .absSeg122
.abs_section_1843                  1   N/I     0x1843     0x1843   .absSeg123
.abs_section_1845                  1   N/I     0x1845     0x1845   .absSeg124
.abs_section_1847                  1   N/I     0x1847     0x1847   .absSeg125
.abs_section_1848                  1   N/I     0x1848     0x1848   .absSeg126
.abs_section_1849                  1   N/I     0x1849     0x1849   .absSeg127
.abs_section_1850                  1   N/I     0x1850     0x1850   .absSeg128
.abs_section_1851                  1   N/I     0x1851     0x1851   .absSeg129
.abs_section_1852                  1   N/I     0x1852     0x1852   .absSeg130
.abs_section_1853                  1   N/I     0x1853     0x1853   .absSeg131
.abs_section_1854                  1   N/I     0x1854     0x1854   .absSeg132
.abs_section_1855                  1   N/I     0x1855     0x1855   .absSeg133
.abs_section_1856                  1   N/I     0x1856     0x1856   .absSeg134
.abs_section_1857                  1   N/I     0x1857     0x1857   .absSeg135
.abs_section_1858                  1   N/I     0x1858     0x1858   .absSeg136
.abs_section_1859                  1   N/I     0x1859     0x1859   .absSeg137
.abs_section_185a                  1   N/I     0x185A     0x185A   .absSeg138
.abs_section_185b                  1   N/I     0x185B     0x185B   .absSeg139
.abs_section_185c                  1   N/I     0x185C     0x185C   .absSeg140
.abs_section_185d                  1   N/I     0x185D     0x185D   .absSeg141
.abs_section_185e                  1   N/I     0x185E     0x185E   .absSeg142
.abs_section_185f                  1   N/I     0x185F     0x185F   .absSeg143
.abs_section_1860                  1   N/I     0x1860     0x1860   .absSeg144
.abs_section_1861                  1   N/I     0x1861     0x1861   .absSeg145
.abs_section_1862                  1   N/I     0x1862     0x1862   .absSeg146
.abs_section_1863                  1   N/I     0x1863     0x1863   .absSeg147
.abs_section_1864                  1   N/I     0x1864     0x1864   .absSeg148
.abs_section_1865                  1   N/I     0x1865     0x1865   .absSeg149
.abs_section_1866                  1   N/I     0x1866     0x1866   .absSeg150
.abs_section_1867                  1   N/I     0x1867     0x1867   .absSeg151
.abs_section_1868                  1   N/I     0x1868     0x1868   .absSeg152
.abs_section_1869                  1   N/I     0x1869     0x1869   .absSeg153
.abs_section_186a                  1   N/I     0x186A     0x186A   .absSeg154
.abs_section_186b                  1   N/I     0x186B     0x186B   .absSeg155
.abs_section_186c                  1   N/I     0x186C     0x186C   .absSeg156
.abs_section_186e                  1   N/I     0x186E     0x186E   .absSeg157
.abs_section_1874                  1   N/I     0x1874     0x1874   .absSeg158
.abs_section_1875                  1   N/I     0x1875     0x1875   .absSeg159
.abs_section_187c                  1   N/I     0x187C     0x187C   .absSeg160
.abs_section_187d                  1   N/I     0x187D     0x187D   .absSeg161
.abs_section_187e                  1   N/I     0x187E     0x187E   .absSeg162
.abs_section_1888                  1   N/I     0x1888     0x1888   .absSeg163
.abs_section_1889                  1   N/I     0x1889     0x1889   .absSeg164
.abs_section_188a                  1   N/I     0x188A     0x188A   .absSeg165
.abs_section_188b                  1   N/I     0x188B     0x188B   .absSeg166
.abs_section_188c                  1   N/I     0x188C     0x188C   .absSeg167
.abs_section_188d                  1   N/I     0x188D     0x188D   .absSeg168
.abs_section_188e                  1   N/I     0x188E     0x188E   .absSeg169
.abs_section_188f                  1   N/I     0x188F     0x188F   .absSeg170
.abs_section_1890                  1   N/I     0x1890     0x1890   .absSeg171
.abs_section_1891                  1   N/I     0x1891     0x1891   .absSeg172
.abs_section_1892                  1   N/I     0x1892     0x1892   .absSeg173
.abs_section_1898                  1   N/I     0x1898     0x1898   .absSeg174
.abs_section_1899                  1   N/I     0x1899     0x1899   .absSeg175
.abs_section_189a                  1   N/I     0x189A     0x189A   .absSeg176
.abs_section_189c                  1   N/I     0x189C     0x189C   .absSeg177
.abs_section_189d                  1   N/I     0x189D     0x189D   .absSeg178
.abs_section_189e                  1   N/I     0x189E     0x189E   .absSeg179
.abs_section_189f                  1   N/I     0x189F     0x189F   .absSeg180
.abs_section_18a0                  1   N/I     0x18A0     0x18A0   .absSeg181
.abs_section_18a5                  1   N/I     0x18A5     0x18A5   .absSeg182
.abs_section_18a8                  1   N/I     0x18A8     0x18A8   .absSeg183
.abs_section_18ab                  1   N/I     0x18AB     0x18AB   .absSeg184
.abs_section_18ae                  1   N/I     0x18AE     0x18AE   .absSeg185
.abs_section_18ba                  1   N/I     0x18BA     0x18BA   .absSeg186
.abs_section_18bb                  1   N/I     0x18BB     0x18BB   .absSeg187
.abs_section_18bc                  1   N/I     0x18BC     0x18BC   .absSeg188
.abs_section_18bd                  1   N/I     0x18BD     0x18BD   .absSeg189
.abs_section_18be                  1   N/I     0x18BE     0x18BE   .absSeg190
.abs_section_18bf                  1   N/I     0x18BF     0x18BF   .absSeg191
.abs_section_18c0                  1   N/I     0x18C0     0x18C0   .absSeg192
.abs_section_18c1                  1   N/I     0x18C1     0x18C1   .absSeg193
.abs_section_18c2                  1   N/I     0x18C2     0x18C2   .absSeg194
.abs_section_18c3                  1   N/I     0x18C3     0x18C3   .absSeg195
.abs_section_18e0                  1   N/I     0x18E0     0x18E0   .absSeg196
.abs_section_18e5                  1   N/I     0x18E5     0x18E5   .absSeg197
.abs_section_18e8                  1   N/I     0x18E8     0x18E8   .absSeg198
.abs_section_18eb                  1   N/I     0x18EB     0x18EB   .absSeg199
.abs_section_18ee                  1   N/I     0x18EE     0x18EE   .absSeg200
.abs_section_18fc                  1   N/I     0x18FC     0x18FC   .absSeg201
.abs_section_18fd                  1   N/I     0x18FD     0x18FD   .absSeg202
.abs_section_1904                  1   N/I     0x1904     0x1904   .absSeg203
.abs_section_1905                  1   N/I     0x1905     0x1905   .absSeg204
.abs_section_190a                  1   N/I     0x190A     0x190A   .absSeg205
.abs_section_190b                  1   N/I     0x190B     0x190B   .absSeg206
.abs_section_190c                  1   N/I     0x190C     0x190C   .absSeg207
.abs_section_190e                  1   N/I     0x190E     0x190E   .absSeg208
.abs_section_190f                  1   N/I     0x190F     0x190F   .absSeg209
.abs_section_1914                  1   N/I     0x1914     0x1914   .absSeg210
.abs_section_1915                  1   N/I     0x1915     0x1915   .absSeg211
.abs_section_1916                  1   N/I     0x1916     0x1916   .absSeg212
.abs_section_1917                  1   N/I     0x1917     0x1917   .absSeg213
.abs_section_1918                  1   N/I     0x1918     0x1918   .absSeg214
.abs_section_10                    2   N/I       0x10       0x11   .absSeg215
.abs_section_12                    2   N/I       0x12       0x13   .absSeg216
.abs_section_14                    2   N/I       0x14       0x15   .absSeg217
.abs_section_16                    2   N/I       0x16       0x17   .absSeg218
.abs_section_18                    2   N/I       0x18       0x19   .absSeg219
.abs_section_1a                    2   N/I       0x1A       0x1B   .absSeg220
.abs_section_1c                    2   N/I       0x1C       0x1D   .absSeg221
.abs_section_1e                    2   N/I       0x1E       0x1F   .absSeg222
.abs_section_20                    2   N/I       0x20       0x21   .absSeg223
.abs_section_22                    2   N/I       0x22       0x23   .absSeg224
.abs_section_24                    2   N/I       0x24       0x25   .absSeg225
.abs_section_26                    2   N/I       0x26       0x27   .absSeg226
.abs_section_28                    2   N/I       0x28       0x29   .absSeg227
.abs_section_2a                    2   N/I       0x2A       0x2B   .absSeg228
.abs_section_2c                    2   N/I       0x2C       0x2D   .absSeg229
.abs_section_2e                    2   N/I       0x2E       0x2F   .absSeg230
.abs_section_4a                    2   N/I       0x4A       0x4B   .absSeg231
.abs_section_4c                    2   N/I       0x4C       0x4D   .absSeg232
.abs_section_4e                    2   N/I       0x4E       0x4F   .absSeg233
.abs_section_50                    2   N/I       0x50       0x51   .absSeg234
.abs_section_52                    2   N/I       0x52       0x53   .absSeg235
.abs_section_54                    2   N/I       0x54       0x55   .absSeg236
.abs_section_56                    2   N/I       0x56       0x57   .absSeg237
.abs_section_58                    2   N/I       0x58       0x59   .absSeg238
.abs_section_68                    2   N/I       0x68       0x69   .absSeg239
.abs_section_74                    2   N/I       0x74       0x75   .absSeg240
.abs_section_76                    2   N/I       0x76       0x77   .absSeg241
.abs_section_1806                  2   N/I     0x1806     0x1807   .absSeg242
.abs_section_1838                  2   N/I     0x1838     0x1839   .absSeg243
.abs_section_1870                  2   N/I     0x1870     0x1871   .absSeg244
.abs_section_1872                  2   N/I     0x1872     0x1873   .absSeg245
.abs_section_1876                  2   N/I     0x1876     0x1877   .absSeg246
.abs_section_1878                  2   N/I     0x1878     0x1879   .absSeg247
.abs_section_1880                  2   N/I     0x1880     0x1881   .absSeg248
.abs_section_1882                  2   N/I     0x1882     0x1883   .absSeg249
.abs_section_1884                  2   N/I     0x1884     0x1885   .absSeg250
.abs_section_1886                  2   N/I     0x1886     0x1887   .absSeg251
.abs_section_18a1                  2   N/I     0x18A1     0x18A2   .absSeg252
.abs_section_18a3                  2   N/I     0x18A3     0x18A4   .absSeg253
.abs_section_18a6                  2   N/I     0x18A6     0x18A7   .absSeg254
.abs_section_18a9                  2   N/I     0x18A9     0x18AA   .absSeg255
.abs_section_18ac                  2   N/I     0x18AC     0x18AD   .absSeg256
.abs_section_18af                  2   N/I     0x18AF     0x18B0   .absSeg257
.abs_section_18b8                  2   N/I     0x18B8     0x18B9   .absSeg258
.abs_section_18c4                  2   N/I     0x18C4     0x18C5   .absSeg259
.abs_section_18c6                  2   N/I     0x18C6     0x18C7   .absSeg260
.abs_section_18c8                  2   N/I     0x18C8     0x18C9   .absSeg261
.abs_section_18ca                  2   N/I     0x18CA     0x18CB   .absSeg262
.abs_section_18cc                  2   N/I     0x18CC     0x18CD   .absSeg263
.abs_section_18ce                  2   N/I     0x18CE     0x18CF   .absSeg264
.abs_section_18d0                  2   N/I     0x18D0     0x18D1   .absSeg265
.abs_section_18d2                  2   N/I     0x18D2     0x18D3   .absSeg266
.abs_section_18d4                  2   N/I     0x18D4     0x18D5   .absSeg267
.abs_section_18d6                  2   N/I     0x18D6     0x18D7   .absSeg268
.abs_section_18d8                  2   N/I     0x18D8     0x18D9   .absSeg269
.abs_section_18da                  2   N/I     0x18DA     0x18DB   .absSeg270
.abs_section_18e1                  2   N/I     0x18E1     0x18E2   .absSeg271
.abs_section_18e3                  2   N/I     0x18E3     0x18E4   .absSeg272
.abs_section_18e6                  2   N/I     0x18E6     0x18E7   .absSeg273
.abs_section_18e9                  2   N/I     0x18E9     0x18EA   .absSeg274
.abs_section_18ec                  2   N/I     0x18EC     0x18ED   .absSeg275
.abs_section_18ef                  2   N/I     0x18EF     0x18F0   .absSeg276
.abs_section_18f8                  2   N/I     0x18F8     0x18F9   .absSeg277
.abs_section_18fa                  2   N/I     0x18FA     0x18FB   .absSeg278
.abs_section_18fe                  2   N/I     0x18FE     0x18FF   .absSeg279
.abs_section_1900                  2   N/I     0x1900     0x1901   .absSeg280
.abs_section_1902                  2   N/I     0x1902     0x1903   .absSeg281
.abs_section_1906                  2   N/I     0x1906     0x1907   .absSeg282
.abs_section_1908                  2   N/I     0x1908     0x1909   .absSeg283
.abs_section_1910                  2   N/I     0x1910     0x1911   .absSeg284
.abs_section_1912                  2   N/I     0x1912     0x1913   .absSeg285
.abs_section_ffce                  2     R     0xFFCE     0xFFCF   .absSeg286
.abs_section_ffbf                  1     R     0xFFBF     0xFFBF   .absSeg287
.abs_section_ffba                  1     R     0xFFBA     0xFFBA   .absSeg288
.abs_section_ffc6                  2     R     0xFFC6     0xFFC7   .absSeg289
.abs_section_fffa                  2     R     0xFFFA     0xFFFB   .absSeg290
.abs_section_ffda                  2     R     0xFFDA     0xFFDB   .absSeg291
.abs_section_ffe2                  2     R     0xFFE2     0xFFE3   .absSeg292
.abs_section_fff2                  2     R     0xFFF2     0xFFF3   .absSeg293
.abs_section_ffec                  2     R     0xFFEC     0xFFED   .absSeg294
.bss                             852   R/W      0x13A      0x48D   RAM
.common                          221   R/W      0x48E      0x56A   RAM
.stack                           512   R/W      0x56B      0x76A   RAM
.vectSeg295_vect                   2     R     0xFFFE     0xFFFF   .vectSeg295

Summary of section sizes per section type:
READ_ONLY (R):        3B6B (dec:    15211)
READ_WRITE (R/W):      66B (dec:     1643)
NO_INIT (N/I):         165 (dec:      357)

*********************************************************************************************
VECTOR-ALLOCATION SECTION
    Address     InitValue   InitFunction
---------------------------------------------------------------------------------------------
     0xFFFE        0xC07B   _Startup

*********************************************************************************************
OBJECT-ALLOCATION SECTION
     Name               Module                 Addr   hSize   dSize     Ref    Section   RLIB
---------------------------------------------------------------------------------------------
MODULE:                 -- RTSHC08.C.o (ansiis.lib) --
- PROCEDURES:
     _PUSH_ARGS_L                              C30A      20      32       2   .text       
     _ENTER_BINARY_L                           C32A      16      22       3   .text       
     _ENTER_BINARY_L_RC                        C340      19      25       3   .text       
     _IDIVMOD                                  C359      69     105       2   .text       
     _LADD_k_is_k_plus_j                       C3C2      1F      31       2   .text       
     _k_is_k_plus_j_l                          C3E1      1E      30       2   .text       
     _k_is_k_plus_j_i                          C3FF      12      18       3   .text       
     _LSUB_k_is_k_minus_j                      C411      1F      31       1   .text       
     _LMUL_k_is_k_mul_j                        C430      81     129       1   .text       
     _LDIVMOD                                  C4B1      A4     164       2   .text       
     _NEG_L_HX                                 C555      13      19       2   .text       
     _ABS_L_HX                                 C568       6       6       2   .text       
     _SPLITSIGN_L                              C56E       A      10       1   .text       
     _LDIVU_k_is_k_div_j                       C578      17      23       1   .text       
     _LDIVS_k_is_k_div_j                       C58F      27      39       1   .text       
     _IDIVU_STAR08                             C5B6       D      13       3   .text       
     _IMODU_STAR08                             C5C3      10      16       1   .text       
     _ILSL                                     C5D3       C      12       2   .text       
     _ICMP                                     C5DF      16      22       4   .text       
     _LADD                                     C5F5       6       6       2   .text       
     _LADD_RC                                  C5FB       6       6       1   .text       
     _LSUB                                     C601       6       6       1   .text       
     _LMUL                                     C607       6       6       1   .text       
     _LDIVS_RC                                 C60D       6       6       2   .text       
     _LDIVU_RC                                 C613       6       6       3   .text       
     _COPY                                     C619      30      48       4   .text       
     _POP32                                    C649      1A      26       8   .text       
     _CALL_STAR08                              C663      20      32      15   .text       
     _Jump_Table_Offset                        C683      19      25       2   .text       
     _Jump_Table_Header_Addr                   C69C      2F      47       2   .text       
     _Jump_Table_Header_Offset                 C6CB      24      36       3   .text       
- VARIABLES:
MODULE:                 -- STRING.C.o (ansiis.lib) --
- PROCEDURES:
     memcpy                                    C6EF      3D      61       5   .text       
     memset                                    C72C      30      48       3   .text       
- VARIABLES:
MODULE:                 -- MC9S08MM128.C.o --
- PROCEDURES:
- VARIABLES:
     _PTAD                                        0       1       1       2   .abs_section_0
     _PTADD                                       1       1       1       2   .abs_section_1
     _PTBD                                        2       1       1       1   .abs_section_2
     _PTBDD                                       3       1       1       1   .abs_section_3
     _PTCD                                        4       1       1       4   .abs_section_4
     _PTCDD                                       5       1       1       2   .abs_section_5
     _PTDD                                        6       1       1       0   .abs_section_6
     _PTDDD                                       7       1       1       1   .abs_section_7
     _PPAGE                                       8       1       1       0   .abs_section_8
     _LAP2                                        9       1       1       0   .abs_section_9
     _LAP1                                        A       1       1       0   .abs_section_a
     _LAP0                                        B       1       1       0   .abs_section_b
     _LWP                                         C       1       1       0   .abs_section_c
     _LBP                                         D       1       1       0   .abs_section_d
     _LB                                          E       1       1       0   .abs_section_e
     _LAPAB                                       F       1       1       0   .abs_section_f
     _DACS                                       30       1       1       0   .abs_section_30
     _DACC0                                      31       1       1       2   .abs_section_31
     _DACC1                                      32       1       1       1   .abs_section_32
     _DACC2                                      33       1       1       1   .abs_section_33
     _PRACMPCS                                   34       1       1       0   .abs_section_34
     _PRACMPC0                                   35       1       1       0   .abs_section_35
     _PRACMPC1                                   36       1       1       0   .abs_section_36
     _PRACMPC2                                   37       1       1       0   .abs_section_37
     _MCGC1                                      38       1       1       2   .abs_section_38
     _MCGC2                                      39       1       1       1   .abs_section_39
     _MCGTRM                                     3A       1       1       0   .abs_section_3a
     _MCGSC                                      3B       1       1       5   .abs_section_3b
     _MCGC3                                      3C       1       1       2   .abs_section_3c
     _MCGC4                                      3D       1       1       0   .abs_section_3d
     _ADCSC1A                                    40       1       1       4   .abs_section_40
     _ADCSC1B                                    41       1       1       0   .abs_section_41
     _ADCSC1C                                    42       1       1       0   .abs_section_42
     _ADCSC1D                                    43       1       1       0   .abs_section_43
     _ADCSC1E                                    44       1       1       0   .abs_section_44
     _ADCSC1F                                    45       1       1       0   .abs_section_45
     _ADCSC1G                                    46       1       1       0   .abs_section_46
     _ADCSC1H                                    47       1       1       0   .abs_section_47
     _ADCCFG1                                    48       1       1       2   .abs_section_48
     _ADCCFG2                                    49       1       1       0   .abs_section_49
     _VREFTRM                                    5C       1       1       0   .abs_section_5c
     _VREFSC                                     5D       1       1       2   .abs_section_5d
     _IRQSC                                      5F       1       1       2   .abs_section_5f
     _IICA1                                      60       1       1       0   .abs_section_60
     _IICF                                       61       1       1       4   .abs_section_61
     _IICC1                                      62       1       1      15   .abs_section_62
     _IICS                                       63       1       1       8   .abs_section_63
     _IICD                                       64       1       1       9   .abs_section_64
     _IICC2                                      65       1       1       0   .abs_section_65
     _IICSMB                                     66       1       1       0   .abs_section_66
     _IICA2                                      67       1       1       0   .abs_section_67
     _IICFLT                                     6A       1       1       0   .abs_section_6a
     _KBI1SC                                     6C       1       1       0   .abs_section_6c
     _KBI1PE                                     6D       1       1       0   .abs_section_6d
     _KBI1ES                                     6E       1       1       0   .abs_section_6e
     _SPI1C1                                     70       1       1       0   .abs_section_70
     _SPI1C2                                     71       1       1       0   .abs_section_71
     _SPI1BR                                     72       1       1       0   .abs_section_72
     _SPI1S                                      73       1       1       0   .abs_section_73
     _SPI1C3                                     78       1       1       0   .abs_section_78
     _SPI1CI                                     79       1       1       0   .abs_section_79
     _KBI2SC                                     7C       1       1       4   .abs_section_7c
     _KBI2PE                                     7D       1       1       1   .abs_section_7d
     _KBI2ES                                     7E       1       1       1   .abs_section_7e
     _USBCTL0                                    80       1       1       8   .abs_section_80
     _PERID                                      88       1       1       0   .abs_section_88
     _IDCOMP                                     89       1       1       0   .abs_section_89
     _REV                                        8A       1       1       0   .abs_section_8a
     _INTSTAT                                    90       1       1      13   .abs_section_90
     _INTENB                                     91       1       1       7   .abs_section_91
     _ERRSTAT                                    92       1       1       3   .abs_section_92
     _ERRENB                                     93       1       1       2   .abs_section_93
     _STAT                                       94       1       1       1   .abs_section_94
     _CTL                                        95       1       1      14   .abs_section_95
     _ADDR                                       96       1       1       2   .abs_section_96
     _FRMNUML                                    97       1       1       1   .abs_section_97
     _FRMNUMH                                    98       1       1       0   .abs_section_98
     _EPCTL0                                     9D       1       1       3   .abs_section_9d
     _EPCTL1                                     9E       1       1       0   .abs_section_9e
     _EPCTL2                                     9F       1       1       0   .abs_section_9f
     _EPCTL3                                     A0       1       1       0   .abs_section_a0
     _EPCTL4                                     A1       1       1       0   .abs_section_a1
     _EPCTL5                                     A2       1       1       0   .abs_section_a2
     _EPCTL6                                     A3       1       1       0   .abs_section_a3
     _SRS                                      1800       1       1       3   .abs_section_1800
     _SBDFR                                    1801       1       1       0   .abs_section_1801
     _SOPT1                                    1802       1       1       1   .abs_section_1802
     _SOPT2                                    1803       1       1       1   .abs_section_1803
     _SCGC1                                    1808       1       1       0   .abs_section_1808
     _SCGC2                                    1809       1       1       0   .abs_section_1809
     _SCGC3                                    180A       1       1       0   .abs_section_180a
     _SOPT3                                    180B       1       1       0   .abs_section_180b
     _SOPT4                                    180C       1       1       0   .abs_section_180c
     _SIMIPS                                   180E       1       1       0   .abs_section_180e
     _SIGNATURE                                180F       1       1       0   .abs_section_180f
     _CCSCTRL                                  1810       1       1       0   .abs_section_1810
     _CCSTMR1                                  1811       1       1       0   .abs_section_1811
     _CCSTMR2                                  1812       1       1       0   .abs_section_1812
     _CCSTMRIR                                 1813       1       1       0   .abs_section_1813
     _FPROTD                                   1814       1       1       0   .abs_section_1814
     _SIMCO                                    1819       1       1       1   .abs_section_1819
     _SPMSC1                                   181C       1       1       0   .abs_section_181c
     _SPMSC2                                   181D       1       1       0   .abs_section_181d
     _SPMSC3                                   181F       1       1       0   .abs_section_181f
     _FCDIV                                    1820       1       1       0   .abs_section_1820
     _FOPT                                     1821       1       1       0   .abs_section_1821
     _FCNFG                                    1823       1       1       0   .abs_section_1823
     _FPROT                                    1824       1       1       0   .abs_section_1824
     _FSTAT                                    1825       1       1       0   .abs_section_1825
     _FCMD                                     1826       1       1       0   .abs_section_1826
     _PTED                                     1830       1       1       4   .abs_section_1830
     _PTEDD                                    1831       1       1       3   .abs_section_1831
     _PTFD                                     1832       1       1      10   .abs_section_1832
     _PTFDD                                    1833       1       1       2   .abs_section_1833
     _SCI2C1                                   183A       1       1       0   .abs_section_183a
     _SCI2C2                                   183B       1       1       0   .abs_section_183b
     _SCI2S1                                   183C       1       1       0   .abs_section_183c
     _SCI2S2                                   183D       1       1       0   .abs_section_183d
     _SCI2C3                                   183E       1       1       0   .abs_section_183e
     _SCI2D                                    183F       1       1       0   .abs_section_183f
     _SPI2C1                                   1840       1       1       0   .abs_section_1840
     _SPI2C2                                   1841       1       1       0   .abs_section_1841
     _SPI2BR                                   1842       1       1       0   .abs_section_1842
     _SPI2S                                    1843       1       1       0   .abs_section_1843
     _SPI2D                                    1845       1       1       0   .abs_section_1845
     _SPI2M                                    1847       1       1       0   .abs_section_1847
     _PTGD                                     1848       1       1       0   .abs_section_1848
     _PTGDD                                    1849       1       1       0   .abs_section_1849
     _PTAPE                                    1850       1       1       0   .abs_section_1850
     _PTASE                                    1851       1       1       0   .abs_section_1851
     _PTADS                                    1852       1       1       0   .abs_section_1852
     _PTAIFE                                   1853       1       1       0   .abs_section_1853
     _PTBPE                                    1854       1       1       0   .abs_section_1854
     _PTBSE                                    1855       1       1       0   .abs_section_1855
     _PTBDS                                    1856       1       1       0   .abs_section_1856
     _PTBIFE                                   1857       1       1       0   .abs_section_1857
     _PTCPE                                    1858       1       1       2   .abs_section_1858
     _PTCSE                                    1859       1       1       0   .abs_section_1859
     _PTCDS                                    185A       1       1       0   .abs_section_185a
     _PTCIFE                                   185B       1       1       0   .abs_section_185b
     _PTDPE                                    185C       1       1       0   .abs_section_185c
     _PTDSE                                    185D       1       1       0   .abs_section_185d
     _PTDDS                                    185E       1       1       0   .abs_section_185e
     _PTDIFE                                   185F       1       1       0   .abs_section_185f
     _PTEPE                                    1860       1       1       1   .abs_section_1860
     _PTESE                                    1861       1       1       0   .abs_section_1861
     _PTEDS                                    1862       1       1       0   .abs_section_1862
     _PTEIFE                                   1863       1       1       0   .abs_section_1863
     _PTFPE                                    1864       1       1       0   .abs_section_1864
     _PTFSE                                    1865       1       1       0   .abs_section_1865
     _PTFDS                                    1866       1       1       0   .abs_section_1866
     _PTFIFE                                   1867       1       1       0   .abs_section_1867
     _PTGPE                                    1868       1       1       1   .abs_section_1868
     _PTGSE                                    1869       1       1       0   .abs_section_1869
     _PTGDS                                    186A       1       1       0   .abs_section_186a
     _PTGIFE                                   186B       1       1       0   .abs_section_186b
     _TIAMP1C0                                 186C       1       1       1   .abs_section_186c
     _TIAMP2C0                                 186E       1       1       1   .abs_section_186e
     _CMTOC                                    1874       1       1       0   .abs_section_1874
     _CMTMSC                                   1875       1       1       0   .abs_section_1875
     _GPAMP1C0                                 187C       1       1       1   .abs_section_187c
     _GPAMP1C1                                 187D       1       1       0   .abs_section_187d
     _GPAMP1C2                                 187E       1       1       1   .abs_section_187e
     _DBGCAX                                   1888       1       1       0   .abs_section_1888
     _DBGCBX                                   1889       1       1       0   .abs_section_1889
     _DBGCCX                                   188A       1       1       0   .abs_section_188a
     _DBGFX                                    188B       1       1       0   .abs_section_188b
     _DBGC                                     188C       1       1       0   .abs_section_188c
     _DBGT                                     188D       1       1       0   .abs_section_188d
     _DBGS                                     188E       1       1       0   .abs_section_188e
     _DBGCNT                                   188F       1       1       0   .abs_section_188f
     _CRCH                                     1890       1       1       0   .abs_section_1890
     _CRCL                                     1891       1       1       0   .abs_section_1891
     _TRANSPOSE                                1892       1       1       0   .abs_section_1892
     _GPAMP2C0                                 1898       1       1       1   .abs_section_1898
     _GPAMP2C1                                 1899       1       1       1   .abs_section_1899
     _GPAMP2C2                                 189A       1       1       1   .abs_section_189a
     _TODC                                     189C       1       1       0   .abs_section_189c
     _TODSC                                    189D       1       1       0   .abs_section_189d
     _TODM                                     189E       1       1       0   .abs_section_189e
     _TODCNT                                   189F       1       1       0   .abs_section_189f
     _TPM2SC                                   18A0       1       1       7   .abs_section_18a0
     _TPM2C0SC                                 18A5       1       1       0   .abs_section_18a5
     _TPM2C1SC                                 18A8       1       1       0   .abs_section_18a8
     _TPM2C2SC                                 18AB       1       1       0   .abs_section_18ab
     _TPM2C3SC                                 18AE       1       1       0   .abs_section_18ae
     _SCI1C1                                   18BA       1       1       0   .abs_section_18ba
     _SCI1C2                                   18BB       1       1       0   .abs_section_18bb
     _SCI1S1                                   18BC       1       1       0   .abs_section_18bc
     _SCI1S2                                   18BD       1       1       0   .abs_section_18bd
     _SCI1C3                                   18BE       1       1       0   .abs_section_18be
     _SCI1D                                    18BF       1       1       0   .abs_section_18bf
     _PDBSC                                    18C0       1       1       0   .abs_section_18c0
     _PDBC1                                    18C1       1       1       0   .abs_section_18c1
     _PDBC2                                    18C2       1       1       0   .abs_section_18c2
     _PDBCHEN                                  18C3       1       1       0   .abs_section_18c3
     _TPM1SC                                   18E0       1       1       2   .abs_section_18e0
     _TPM1C0SC                                 18E5       1       1       2   .abs_section_18e5
     _TPM1C1SC                                 18E8       1       1       0   .abs_section_18e8
     _TPM1C2SC                                 18EB       1       1       0   .abs_section_18eb
     _TPM1C3SC                                 18EE       1       1       0   .abs_section_18ee
     _ADCSC2                                   18FC       1       1       1   .abs_section_18fc
     _ADCSC3                                   18FD       1       1       0   .abs_section_18fd
     _ADCCLPD                                  1904       1       1       0   .abs_section_1904
     _ADCCLPS                                  1905       1       1       0   .abs_section_1905
     _ADCCLP2                                  190A       1       1       0   .abs_section_190a
     _ADCCLP1                                  190B       1       1       0   .abs_section_190b
     _ADCCLP0                                  190C       1       1       0   .abs_section_190c
     _ADCCLMD                                  190E       1       1       0   .abs_section_190e
     _ADCCLMS                                  190F       1       1       0   .abs_section_190f
     _ADCCLM2                                  1914       1       1       0   .abs_section_1914
     _ADCCLM1                                  1915       1       1       0   .abs_section_1915
     _ADCCLM0                                  1916       1       1       0   .abs_section_1916
     _APCTL1                                   1917       1       1       1   .abs_section_1917
     _APCTL2                                   1918       1       1       2   .abs_section_1918
     _DACDAT0                                    10       2       2      19   .abs_section_10
     _DACDAT1                                    12       2       2       0   .abs_section_12
     _DACDAT2                                    14       2       2       0   .abs_section_14
     _DACDAT3                                    16       2       2       0   .abs_section_16
     _DACDAT4                                    18       2       2       0   .abs_section_18
     _DACDAT5                                    1A       2       2       0   .abs_section_1a
     _DACDAT6                                    1C       2       2       0   .abs_section_1c
     _DACDAT7                                    1E       2       2       0   .abs_section_1e
     _DACDAT8                                    20       2       2       0   .abs_section_20
     _DACDAT9                                    22       2       2       0   .abs_section_22
     _DACDAT10                                   24       2       2       0   .abs_section_24
     _DACDAT11                                   26       2       2       0   .abs_section_26
     _DACDAT12                                   28       2       2       0   .abs_section_28
     _DACDAT13                                   2A       2       2       0   .abs_section_2a
     _DACDAT14                                   2C       2       2       0   .abs_section_2c
     _DACDAT15                                   2E       2       2       0   .abs_section_2e
     _ADCRA                                      4A       2       2       1   .abs_section_4a
     _ADCRB                                      4C       2       2       0   .abs_section_4c
     _ADCRC                                      4E       2       2       0   .abs_section_4e
     _ADCRD                                      50       2       2       0   .abs_section_50
     _ADCRE                                      52       2       2       0   .abs_section_52
     _ADCRF                                      54       2       2       0   .abs_section_54
     _ADCRG                                      56       2       2       0   .abs_section_56
     _ADCRH                                      58       2       2       0   .abs_section_58
     _IICSLT                                     68       2       2       0   .abs_section_68
     _SPI1D16                                    74       2       2       0   .abs_section_74
     _SPI1M                                      76       2       2       0   .abs_section_76
     _SDID                                     1806       2       2       0   .abs_section_1806
     _SCI2BD                                   1838       2       2       0   .abs_section_1838
     _CMTCG1                                   1870       2       2       0   .abs_section_1870
     _CMTCG2                                   1872       2       2       0   .abs_section_1872
     _CMTCMD12                                 1876       2       2       0   .abs_section_1876
     _CMTCMD34                                 1878       2       2       0   .abs_section_1878
     _DBGCA                                    1880       2       2       0   .abs_section_1880
     _DBGCB                                    1882       2       2       0   .abs_section_1882
     _DBGCC                                    1884       2       2       0   .abs_section_1884
     _DBGF                                     1886       2       2       0   .abs_section_1886
     _TPM2CNT                                  18A1       2       2       0   .abs_section_18a1
     _TPM2MOD                                  18A3       2       2       1   .abs_section_18a3
     _TPM2C0V                                  18A6       2       2       0   .abs_section_18a6
     _TPM2C1V                                  18A9       2       2       0   .abs_section_18a9
     _TPM2C2V                                  18AC       2       2       0   .abs_section_18ac
     _TPM2C3V                                  18AF       2       2       0   .abs_section_18af
     _SCI1BD                                   18B8       2       2       0   .abs_section_18b8
     _PDBMOD                                   18C4       2       2       0   .abs_section_18c4
     _PDBCNT                                   18C6       2       2       0   .abs_section_18c6
     _PDBIDLY                                  18C8       2       2       0   .abs_section_18c8
     _DACINT                                   18CA       2       2       0   .abs_section_18ca
     _PDBDLYA                                  18CC       2       2       0   .abs_section_18cc
     _PDBDLYB                                  18CE       2       2       0   .abs_section_18ce
     _PDBDLYC                                  18D0       2       2       0   .abs_section_18d0
     _PDBDLYD                                  18D2       2       2       0   .abs_section_18d2
     _PDBDLYE                                  18D4       2       2       0   .abs_section_18d4
     _PDBDLYF                                  18D6       2       2       0   .abs_section_18d6
     _PDBDLYG                                  18D8       2       2       0   .abs_section_18d8
     _PDBDLYH                                  18DA       2       2       0   .abs_section_18da
     _TPM1CNT                                  18E1       2       2       0   .abs_section_18e1
     _TPM1MOD                                  18E3       2       2       0   .abs_section_18e3
     _TPM1C0V                                  18E6       2       2       3   .abs_section_18e6
     _TPM1C1V                                  18E9       2       2       0   .abs_section_18e9
     _TPM1C2V                                  18EC       2       2       0   .abs_section_18ec
     _TPM1C3V                                  18EF       2       2       0   .abs_section_18ef
     _ADCCV1                                   18F8       2       2       0   .abs_section_18f8
     _ADCCV2                                   18FA       2       2       0   .abs_section_18fa
     _ADCOFS                                   18FE       2       2       0   .abs_section_18fe
     _ADCPG                                    1900       2       2       0   .abs_section_1900
     _ADCMG                                    1902       2       2       0   .abs_section_1902
     _ADCCLP4                                  1906       2       2       0   .abs_section_1906
     _ADCCLP3                                  1908       2       2       0   .abs_section_1908
     _ADCCLM4                                  1910       2       2       0   .abs_section_1910
     _ADCCLM3                                  1912       2       2       0   .abs_section_1912
MODULE:                 -- Start08.c.o --
- PROCEDURES:
     loadByte                                  C000       E      14       5   .init       
     Init                                      C00E      6D     109       1   .init       
     _Startup                                  C07B       9       9       0   .init       
- VARIABLES:
     _startupData                              C084       6       6       4   .startData  
- LABELS:
     __SEG_END_SSTACK                           76B       0       0       1               
MODULE:                 -- usb_framework.c.o --
- PROCEDURES:
     USB_Framework_Init                        C75C      1D      29       1   .text       
     USB_Control_Service                       C779     1BD     445       4   .text       
     USB_Control_Service_Handler               C936      72     114       1   .text       
     USB_Strd_Req_Get_Status                   C9A8      A0     160       1   .text       
     USB_Strd_Req_Feature                      CA48      BB     187       2   .text       
     USB_Strd_Req_Set_Address                  CB03      1A      26       1   .text       
     USB_Strd_Req_Assign_Address               CB1D      25      37       1   .text       
     USB_Strd_Req_Get_Config                   CB42      3C      60       1   .text       
     USB_Strd_Req_Set_Config                   CB7E      73     115       1   .text       
     USB_Strd_Req_Get_Interface                CBF1      22      34       1   .text       
     USB_Strd_Req_Set_Interface                CC13      2E      46       1   .text       
     USB_Strd_Req_Sync_Frame                   CC41      1F      31       1   .text       
     USB_Strd_Req_Get_Descriptor               CC60      45      69       1   .text       
- VARIABLES:
     g_validate_request                        C09A      27      39       1   .rodata     
     g_standard_request                         100      1A      26       3   .data       
     g_framework_callback                       13A       2       2       4   .bss        
     g_other_req_callback                       13C       2       2       3   .bss        
     g_setup_pkt                                13E       8       8      21   .bss        
     g_std_framework_data                       146       2       2      24   .bss        
     g_assigned_address                         148       1       1       3   .bss        
     ext_req_to_host                            149      20      32       3   .bss        
MODULE:                 -- DAC.c.o --
- PROCEDURES:
     DAC12_Vin_SWtrig                          CCA5      16      22       1   .text       
- VARIABLES:
MODULE:                 -- AverageFilter.c.o --
- PROCEDURES:
     MovingAverage_PushNewValue16b             CCBB      B4     180       2   .text       
- VARIABLES:
MODULE:                 -- ADC.c.o --
- PROCEDURES:
     ADC_Init16b                               CD6F      15      21       1   .text       
     ADC_Read16b                               CD84       F      15       3   .text       
- VARIABLES:
MODULE:                 -- OPAMP.c.o --
- PROCEDURES:
     opamp1_gp_mode                            CD93      1D      29       1   .text       
     TRIAMP1C0_HighMode                        CDB0       6       6       1   .text       
     TRIAMP2C0_HighMode                        CDB6       6       6       1   .text       
     opamp2_noninverting_mode                  CDBC      23      35       3   .text       
- VARIABLES:
MODULE:                 -- IICV1Driver.c.o --
- PROCEDURES:
     vfnIICV1Init                              CDDF      12      18       1   .text       
     vfnIICV1Write                             CDF1      1F      31       4   .text       
     vfnIICV1Read                              CE10      1E      30       1   .text       
     vfnIICV1RandomRead                        CE2E      38      56       4   .text       
     vfnIICV1Interrupt                         CE66      24      36       1   .text       
     vfnIICV1StateIdle                         CE8A       1       1       1   .text       
     vfnIICV1StateStartW                       CE8B      18      24       1   .text       
     vfnIICV1StateStartR                       CEA3      48      72       1   .text       
     vfnIICV1StateDataW                        CEEB      5D      93       1   .text       
     vfnIICV1StateDataR                        CF48      41      65       1   .text       
     vfnIICV1StateRestart                      CF89      52      82       1   .text       
     vfnIICV1StateStop                         CFDB      2C      44       1   .text       
- VARIABLES:
     vfnapIICV1Driver                          C0C1       E      14       1   .rodata     
     gu8IICV1ActualState                        169       1       1      15   .bss        
     gu8IICV1PreviousState                      16A       1       1      13   .bss        
     _Vector_24                                FFCE       2       2       0   .abs_section_ffce
     _IICDrvStatus                              48E       1       1      19   .common     
     gu8SlaveAddress                            48F       1       1       6   .common     
     gpu8DataOut                                490       2       2       4   .common     
     gu8SizeOut                                 492       1       1       4   .common     
     gpu8DataIn                                 493       2       2       5   .common     
     gu8SizeIn                                  495       1       1       7   .common     
     gu8Flags                                   496       1       1      16   .common     
MODULE:                 -- EcgDsc.c.o --
- PROCEDURES:
     TimerEcgDscReadDsc_Event                  D007       E      14       1   .text       
     CheckWriteStatus                          D015      1C      28       3   .text       
     CheckReadStatus                           D031      1C      28       3   .text       
     StateIdle                                 D04D       1       1       1   .text       
     StateWritingStartCommand                  D04E      52      82       1   .text       
     StateWritingStopCommand                   D0A0      4F      79       1   .text       
     StateReadingData                          D0EF     1AE     430      13   .text       
     TimerWaitForDsc_Event                     D29D       6       6       1   .text       
     StateReadingHeartRate                     D2A3      B3     179       1   .text       
     EcgDsc_Init                               D356      1B      27       1   .text       
     EcgDsc_PeriodicTask                       D371      3F      63       1   .text       
- VARIABLES:
     CmdEcgDiagnosticModeStartMeasurement       C0CF       1       1       1   .rodata     
     CmdEcgDiagnosticModeStopMeasurement       C0D0       1       1       1   .rodata     
     CmdEcgReadHeartRate                       C0D1       1       1       1   .rodata     
     CmdEcgIsNewDataAvailable                  C0D2       1       1       2   .rodata     
     CmdEcgDiagnosticModeReadData              C0D3       1       1       1   .rodata     
     CmdEcgDiagnosticModeReadData1             C0D4       1       1       1   .rodata     
     CmdEcgDiagnosticModeReadData2             C0D5       1       1       1   .rodata     
     EcgDscStateMachine                        C0D6       A      10       1   .rodata     
     previousPacketId.3                         11A       1       1       3   .data       
     EcgDscActualEvent                          16B       1       1      10   .bss        
     DscIsReady                                 16C       1       1       3   .bss        
     IsNewDataAvailable.1                       16D       1       1       5   .bss        
     actualPacketId.2                           16E       1       1       5   .bss        
     TimerEcgDscReadDsc                         16F       4       4       5   .bss        
     TimerEcgDscReadDscIndex                    173       1       1       4   .bss        
     EcgDscIsHeartRateMode                      174       1       1       1   .bss        
     EcgDscActualState                          175       1       1       7   .bss        
     EcgDscActualSubState                       176       1       1      24   .bss        
     TimerWaitForDsc                            177       4       4       3   .bss        
     TimerWaitForDscIndex                       17B       1       1       1   .bss        
     CommunicationAttempts                      17C       1       1      11   .bss        
     DataFromDsc                                497      44      68       9   .common     
     EcgDsc_HeartRate                           4DB       1       1       3   .common     
     ErrorCounter                               4DC       1       1       3   .common     
MODULE:                 -- ekg.c.o --
- PROCEDURES:
     TestApp_Init                              D3B0      6B     107       1   .text       
     TestApp_Task                              D41B      DB     219       2   .text       
     Virtual_Com_Recv_Serial_Data              D4F6      36      54       1   .text       
     Virtual_Com_Send_Serial_Data              D52C      26      38       4   .text       
     USB_App_Callback                          D552      91     145       1   .text       
     USB_Notify_Callback                       D5E3      1A      26       1   .text       
     EcgDiagnosticModeStartMeasurementReq       D5FD      4E      78       1   .text       
     EcgDiagnosticModeStopMeasurementReq       D64B      39      57       1   .text       
     EcgDiagnosticModeNewDataReadyInd          D684      8D     141       4   .text       
- VARIABLES:
     Ecg_Events                                C0E0       A      10       3   .rodata     
     EcgDsc_Events                             C0EA       A      10       3   .rodata     
     EcgFir_Events                             C0F4       A      10       1   .rodata     
     ExecuteCommandReq                         C0FE      56      86       3   .rodata     
     AmpGain                                   C154       A      10       2   .rodata     
     u8Gain_index                               11B       1       1       7   .data       
     start_app                                  17D       1       1       4   .bss        
     start_transactions                         17E       1       1       2   .bss        
     u16Debounce                                17F       2       2       6   .bss        
     IdNumber.1                                 181       2       2       3   .bss        
     g_curr_recv_buf                            183      60      96       4   .bss        
     g_curr_send_buf                            1E3      60      96      16   .bss        
     g_recv_size                                243       1       1       4   .bss        
     g_send_size                                244       1       1      16   .bss        
     ActualMeasurement                          245       1       1       5   .bss        
MODULE:                 -- main.c.o --
- PROCEDURES:
     Watchdog_Reset                            D711       9       9       1   .text       
     main                                      D71A      3C      60       1   .text       
     Init_Sys                                  D756       9       9       1   .text       
     Mcu_Init                                  D75F      36      54       1   .text       
     MCG_Init                                  D795      29      41       1   .text       
     Kbi_Init                                  D7BE      15      21       1   .text       
     KbiDebounceTimerCallback                  D7D3       E      14       2   .text       
     Kbi_ISR                                   C2E2       A      10       1   NON_BANKED  
     IRQ_ISR                                   C2EC       C      12       1   NON_BANKED  
- VARIABLES:
     kbi_debounce_tmr                           11C       1       1       3   .data       
     kbi_stat                                   246       1       1       2   .bss        
     sec                                       FFBF       1       1       0   .abs_section_ffbf
     checksum_bypass                           FFBA       1       1       0   .abs_section_ffba
     _Vector_28                                FFC6       2       2       0   .abs_section_ffc6
     _Vector_2                                 FFFA       2       2       0   .abs_section_fffa
     start_kbi_debounce_tmr                     4DD       1       1       3   .common     
MODULE:                 -- usb_descriptor.c.o --
- PROCEDURES:
     USB_Desc_Get_Descriptor                   D7E1      EA     234       4   .text       
     USB_Desc_Get_Interface                    D8CB      17      23       2   .text       
     USB_Desc_Set_Interface                    D8E2       D      13       1   .text       
     USB_Desc_Valid_Configation                D8EF      1E      30       1   .text       
     USB_Desc_Remote_Wakeup                    D90D       2       2       1   .text       
     USB_Desc_Get_Endpoints                    D90F       4       4       5   .text       
     USB_Desc_Get_Line_Coding                  D913      1C      28       1   .text       
     USB_Desc_Set_Line_Coding                  D92F      3F      63       1   .text       
     USB_Desc_Get_Abstract_State               D96E      1A      26       1   .text       
     USB_Desc_Get_Country_Setting              D988      1A      26       1   .text       
     USB_Desc_Set_Abstract_State               D9A2      3F      63       1   .text       
     USB_Desc_Set_Country_Setting              D9E1      3F      63       1   .text       
- VARIABLES:
     usb_desc_ep                               C15E      10      16       1   .rodata     
     g_device_descriptor                       C16E      12      18       1   .rodata     
     g_config_descriptor                       C180      43      67       1   .rodata     
     USB_STR_0                                 C1C3       4       4       2   .rodata     
     USB_STR_1                                 C1C7      3A      58       1   .rodata     
     USB_STR_2                                 C201      1E      30       1   .rodata     
     USB_STR_n                                 C21F      22      34       1   .rodata     
     g_std_desc_size                           C241      10      16       2   .rodata     
     g_std_descriptors                         C251      10      16       2   .rodata     
     g_string_desc_size                        C261       4       4       1   .rodata     
     g_string_descriptors                      C265       8       8       1   .rodata     
     g_languages                               C26D       9       9       8   .rodata     
     g_valid_config_values                     C276       2       2       1   .rodata     
     g_line_coding                              11D       7       7       3   .data       
     g_abstract_state                           247       2       2       3   .bss        
     g_country_code                             249       2       2       3   .bss        
     g_alternate_interface                      24B       1       1       2   .bss        
MODULE:                 -- tpm.c.o --
- PROCEDURES:
     TimerQInitialize                          DA20      13      19       1   .text       
     AddTimerQ                                 DA33      5B      91       6   .text       
     RemoveTimerQ                              DA8E      2D      45       3   .text       
     TimerInit                                 DABB      2D      45       1   .text       
     EnableTimerInterrupt                      DAE8       8       8       4   .text       
     DisableTimerInterrupt                     DAF0       8       8       2   .text       
     TimerHandler                              DAF8      55      85       2   .text       
     Timer_ISR                                 C2F8       6       6       1   NON_BANKED  
     Timer1_ISR                                C2FE       6       6       1   NON_BANKED  
- VARIABLES:
     _Vector_18                                FFDA       2       2       0   .abs_section_ffda
     _Vector_14                                FFE2       2       2       0   .abs_section_ffe2
     g_TimerObjectArray                         4DE      14      20       8   .common     
MODULE:                 -- Ecg.c.o --
- PROCEDURES:
     StateIdle                                 DB4D       1       1       1   .text       
     PerformControlAlgorithm                   DB4E     167     359       3   .text       
     StateMeasuring                            DCB5     133     307       4   .text       
     SendGraphDataToPc                         DDE8      40      64       1   .text       
     TimerSampleAdc_Event                      DE28       7       7       1   .text       
     Ecg_Init                                  DE2F       D      13       1   .text       
     Ecg_DiagnosticModeStopMeasurement         DE3C       B      11       1   .text       
     Ecg_PeriodicTask                          DE47      35      53       1   .text       
     CalculateHeartRateMedian                  DE7C      DC     220       1   .text       
- VARIABLES:
     EcgStateMachine                           C278       4       4       1   .rodata     
     Ecg_HeartRate                              24C       1       1       2   .bss        
     QRSFound                                   24D       1       1       2   .bss        
     EcgFirstSample                             24E       2       2       5   .bss        
     EcgSecondSample                            250       2       2       4   .bss        
     EcgThirdSample                             252       2       2       4   .bss        
     samplesBetweenPulses                       254       2       2       3   .bss        
     EcgActualState                             256       1       1       2   .bss        
     EcgActualEvent                             257       1       1       4   .bss        
     IsHeartRateMode                            258       1       1       1   .bss        
     IsNewEcgSampleReady                        259       2       2       3   .bss        
     PulseDetectedWatchDog                      25B       2       2       3   .bss        
     SampleCounter                              25D       1       1       3   .bss        
     actualPosition.1                           25E       1       1       4   .bss        
     Ecg_HeartRate_MedianSum.2                  25F       2       2       3   .bss        
     median_counter.3                           261       1       1       3   .bss        
     RealTimeHeartRate                          262       2       2       2   .bss        
     EcgHeartRateArray                          264      1E      30       6   .bss        
     CopyOfEcgHeartRateArray                    282      1E      30      14   .bss        
     HeartBeatOcurred                           2A0       1       1       1   .bss        
     IsEcgSignalReady                           2A1       1       1       2   .bss        
     FeedbackSignal                             2A2      15      21       3   .bss        
     EcgSignal                                  2B7      15      21       4   .bss        
     TimerEcgSampleAdc                          2CC       4       4       3   .bss        
     TimerEcgSampleAdcIndex                     2D0       1       1       2   .bss        
     EcgDataBuffer                              4F2      40      64       2   .common     
     i_index                                    532       1       1       6   .common     
     j_index                                    533       1       1       5   .common     
     median_array                               534      1E      30      13   .common     
     temp_var                                   552       2       2       3   .common     
     median_val                                 554       2       2      11   .common     
MODULE:                 -- usb_class.c.o --
- PROCEDURES:
     USB_Suspend_Service                       DF58      1D      29       1   .text       
     USB_Resume_Service                        DF75      28      40       1   .text       
     USB_Stall_Service                         DF9D      14      20       1   .text       
     USB_Sof_Service                           DFB1      37      55       1   .text       
     USB_Reset_Service                         DFE8      86     134       1   .text       
     USB_Error_Service                         E06E      10      16       1   .text       
     USB_Class_Init                            E07E      A9     169       1   .text       
     USB_Class_Send_Data                       E127      72     114       4   .text       
     USB_Class_Periodic_Task                   E199       1       1       1   .text       
- VARIABLES:
     g_class_callback                           2D1       2       2       3   .bss        
     g_device_state_before_suspend              2D3       2       2       3   .bss        
MODULE:                 -- usb_cdc_pstn.c.o --
- PROCEDURES:
     USB_Class_CDC_Pstn_Init                   E19A       5       5       1   .text       
     USB_Class_CDC_PSTN_Get_Line_Coding        E19F      14      20       1   .text       
     USB_Class_CDC_PSTN_Set_Line_Coding        E1B3      17      23       1   .text       
     USB_Class_CDC_PSTN_Set_Ctrl_Line_State       E1CA      72     114       1   .text       
[...]
 |  |  +- USB_Notify_Callback 
 |  |  |    
 |  |  +- USB_Class_CDC_Init  
 |  |     | 
 |  |     +- USB_Desc_Get_Endpoints
 |  |     |    
 |  |     +- USB_Device_Init     
 |  |     |  | 
 |  |     |  +- USB_Device_Init_Params
 |  |     |  |    
 |  |     |  +- Clear_Mem           
 |  |     |  |  | 
 |  |     |  |  +- memset               (see above)
 |  |     |  |     
 |  |     |  +- USB_DCI_Init        
 |  |     |     | 
 |  |     |     +- Clear_Mem            (see above)
 |  |     |        
 |  |     +- USB_Class_CDC_Event 
 |  |     |  | 
 |  |     |  +- USB_Desc_Get_Endpoints (see above)
 |  |     |  |  
 |  |     |  +- USB_Device_Deinit_EndPoint
 |  |     |  |  | 
 |  |     |  |  +- USB_DCI_Deinit_EndPoint
 |  |     |  |     | 
 |  |     |  |     +- USB_DCI_Validate_Param (see above)
 |  |     |  |     |  
 |  |     |  |     +- USB_Device_Cancel_Transfer
 |  |     |  |        | 
 |  |     |  |        +- USB_DCI_Validate_Param (see above)
 |  |     |  |           
 |  |     |  +- USB_Device_Init_EndPoint
 |  |     |  |  | 
 |  |     |  |  +- USB_DCI_Init_EndPoint
 |  |     |  |     | 
 |  |     |  |     +- USB_DCI_Get_BDT_Index (see above)
 |  |     |  |     |  
 |  |     |  |     +- USB_DCI_Write_BDT   
 |  |     |  |          
 |  |     |  +- USB_Class_CDC_Service_Cic_Notify
 |  |     |  |  | 
 |  |     |  |  +- USB_Desc_Get_Endpoints (see above)
 |  |     |  |  |  
 |  |     |  |  +- _COPY               
 |  |     |  |  |    
 |  |     |  |  +- USB_Class_Send_Data 
 |  |     |  |  |  | 
 |  |     |  |  |  +- USB_Device_Get_Status
 |  |     |  |  |  |    
 |  |     |  |  |  +- USB_Desc_Remote_Wakeup
 |  |     |  |  |  |    
 |  |     |  |  |  +- USB_Device_Assert_Resume
 |  |     |  |  |  |    
 |  |     |  |  |  +- USB_Device_Set_Status
 |  |     |  |  |  |  | 
 |  |     |  |  |  |  +- USB_Device_Stall_EndPoint
 |  |     |  |  |  |  |  | 
 |  |     |  |  |  |  |  +- USB_DCI_Validate_Param (see above)
 |  |     |  |  |  |  |  |  
 |  |     |  |  |  |  |  +- USB_Device_Cancel_Transfer (see above)
 |  |     |  |  |  |  |     
 |  |     |  |  |  |  +- USB_Device_Unstall_EndPoint
 |  |     |  |  |  |     | 
 |  |     |  |  |  |     +- USB_DCI_Validate_Param (see above)
 |  |     |  |  |  |     |  
 |  |     |  |  |  |     +- USB_Device_Recv_Data (see above)
 |  |     |  |  |  |        
 |  |     |  |  |  +- USB_Device_Send_Data
 |  |     |  |  |     | 
 |  |     |  |  |     +- USB_DCI_Validate_Param (see above)
 |  |     |  |  |     |  
 |  |     |  |  |     +- USB_DCI_Prepare_Send_Data
 |  |     |  |  |        | 
 |  |     |  |  |        +- _ICMP               
 |  |     |  |  |        |    
 |  |     |  |  |        +- memcpy              
 |  |     |  |  |             
 |  |     |  |  +- _CALL_STAR08        
 |  |     |  |       
 |  |     |  +- USB_Class_CDC_Service_Dic_Bulk_Out
 |  |     |  |  | 
 |  |     |  |  +- _CALL_STAR08         (see above)
 |  |     |  |     
 |  |     |  +- USB_Class_CDC_Service_Dic_Bulk_In
 |  |     |  |  | 
 |  |     |  |  +- USB_Desc_Get_Endpoints (see above)
 |  |     |  |  |  
 |  |     |  |  +- _COPY                (see above)
 |  |     |  |  |  
 |  |     |  |  +- USB_Class_Send_Data  (see above)
 |  |     |  |  |  
 |  |     |  |  +- _CALL_STAR08         (see above)
 |  |     |  |     
 |  |     |  +- USB_Device_Register_Service
 |  |     |  |    
 |  |     |  +- USB_Device_Set_Status (see above)
 |  |     |  |  
 |  |     |  +- _CALL_STAR08         (see above)
 |  |     |     
 |  |     +- USB_Other_Requests  
 |  |     |  | 
 |  |     |  +- _Jump_Table_Offset  
 |  |     |  |    
 |  |     |  +- USB_Class_CDC_PSTN_Set_Comm_Feature
 |  |     |  |  | 
 |  |     |  |  +- USB_Desc_Set_Abstract_State
 |  |     |  |  |    
 |  |     |  |  +- USB_Desc_Set_Country_Setting
 |  |     |  |       
 |  |     |  +- USB_Class_CDC_PSTN_Get_Comm_Feature
 |  |     |  |  | 
 |  |     |  |  +- USB_Desc_Get_Abstract_State
 |  |     |  |  |    
 |  |     |  |  +- USB_Desc_Get_Country_Setting
 |  |     |  |       
 |  |     |  +- USB_Class_CDC_PSTN_Get_Line_Coding
 |  |     |  |  | 
 |  |     |  |  +- USB_Desc_Get_Line_Coding
 |  |     |  |       
 |  |     |  +- USB_Class_CDC_PSTN_Set_Line_Coding
 |  |     |  |  | 
 |  |     |  |  +- USB_Desc_Set_Line_Coding
 |  |     |  |       
 |  |     |  +- USB_Class_CDC_PSTN_Set_Ctrl_Line_State
 |  |     |  |  | 
 |  |     |  |  +- USB_Class_CDC_PSTN_Send_Serial_State
 |  |     |  |  |  | 
 |  |     |  |  |  +- USB_Class_CDC_Send_Data
 |  |     |  |  |     | 
 |  |     |  |  |     +- USB_Desc_Get_Endpoints (see above)
 |  |     |  |  |     |  
 |  |     |  |  |     +- USB_Class_Send_Data  (see above)
 |  |     |  |  |        
 |  |     |  |  +- _CALL_STAR08         (see above)
 |  |     |  |     
 |  |     |  +- USB_Class_CDC_PSTN_Send_Break
 |  |     |  |    
 |  |     |  +- _CALL_STAR08         (see above)
 |  |     |     
 |  |     +- USB_Class_Init      
 |  |     |  | 
 |  |     |  +- USB_Framework_Init  
 |  |     |  |  | 
 |  |     |  |  +- USB_Control_Service 
 |  |     |  |  |  | 
 |  |     |  |  |  +- USB_Device_Get_Status (see above)
 |  |     |  |  |  |  
 |  |     |  |  |  +- memcpy               (see above)
 |  |     |  |  |  |  
 |  |     |  |  |  +- g_standard_request  
 |  |     |  |  |  |  | 
 |  |     |  |  |  |  +- USB_Strd_Req_Get_Status
 |  |     |  |  |  |  |  | 
 |  |     |  |  |  |  |  +- USB_Device_Get_Status (see above)
 |  |     |  |  |  |  |  |  
 |  |     |  |  |  |  |  +- USB_Desc_Get_Interface
 |  |     |  |  |  |  |       
 |  |     |  |  |  |  +- USB_Strd_Req_Feature
 |  |     |  |  |  |  |  | 
 |  |     |  |  |  |  |  +- USB_Device_Get_Status (see above)
 |  |     |  |  |  |  |  |  
 |  |     |  |  |  |  |  +- _ILSL               
 |  |     |  |  |  |  |  |    
 |  |     |  |  |  |  |  +- USB_Device_Set_Status (see above)
 |  |     |  |  |  |  |  |  
 |  |     |  |  |  |  |  +- _CALL_STAR08         (see above)
 |  |     |  |  |  |  |     
 |  |     |  |  |  |  +- USB_Strd_Req_Set_Address
 |  |     |  |  |  |  |  | 
 |  |     |  |  |  |  |  +- USB_Device_Set_Status (see above)
 |  |     |  |  |  |  |     
 |  |     |  |  |  |  +- USB_Strd_Req_Get_Descriptor
 |  |     |  |  |  |  |  | 
 |  |     |  |  |  |  |  +- USB_Desc_Get_Descriptor
 |  |     |  |  |  |  |       
 |  |     |  |  |  |  +- USB_Strd_Req_Get_Config
 |  |     |  |  |  |  |  | 
 |  |     |  |  |  |  |  +- USB_Device_Get_Status (see above)
 |  |     |  |  |  |  |     
 |  |     |  |  |  |  +- USB_Strd_Req_Set_Config
 |  |     |  |  |  |  |  | 
 |  |     |  |  |  |  |  +- USB_Desc_Valid_Configation
 |  |     |  |  |  |  |  |    
 |  |     |  |  |  |  |  +- USB_Device_Set_Status (see above)
 |  |     |  |  |  |  |  |  
 |  |     |  |  |  |  |  +- _CALL_STAR08         (see above)
 |  |     |  |  |  |  |     
 |  |     |  |  |  |  +- USB_Strd_Req_Get_Interface
 |  |     |  |  |  |  |  | 
 |  |     |  |  |  |  |  +- USB_Desc_Get_Interface (see above)
 |  |     |  |  |  |  |     
 |  |     |  |  |  |  +- USB_Strd_Req_Set_Interface
 |  |     |  |  |  |  |  | 
 |  |     |  |  |  |  |  +- USB_Desc_Set_Interface
 |  |     |  |  |  |  |       
 |  |     |  |  |  |  +- USB_Strd_Req_Sync_Frame
 |  |     |  |  |  |     | 
 |  |     |  |  |  |     +- USB_Device_Get_Status (see above)
 |  |     |  |  |  |        
 |  |     |  |  |  +- _CALL_STAR08         (see above)
 |  |     |  |  |  |  
 |  |     |  |  |  +- USB_Device_Recv_Data (see above)
 |  |     |  |  |  |  
 |  |     |  |  |  +- USB_Strd_Req_Assign_Address
 |  |     |  |  |  |  | 
 |  |     |  |  |  |  +- USB_Device_Set_Address
 |  |     |  |  |  |  |    
 |  |     |  |  |  |  +- USB_Device_Set_Status (see above)
 |  |     |  |  |  |     
 |  |     |  |  |  +- USB_Control_Service_Handler
 |  |     |  |  |     | 
 |  |     |  |  |     +- USB_Device_Set_Status (see above)
 |  |     |  |  |     |  
 |  |     |  |  |     +- USB_Class_Send_Data  (see above)
 |  |     |  |  |     |  
 |  |     |  |  |     +- USB_Device_Recv_Data (see above)
 |  |     |  |  |        
 |  |     |  |  +- USB_Device_Register_Service (see above)
 |  |     |  |     
 |  |     |  +- USB_Reset_Service   
 |  |     |  |  | 
 |  |     |  |  +- USB_Device_Deinit_EndPoint (see above)
 |  |     |  |  |  
 |  |     |  |  +- USB_Device_Init_EndPoint (see above)
 |  |     |  |  |  
 |  |     |  |  +- USB_Device_Set_Status (see above)
 |  |     |  |  |  
 |  |     |  |  +- _CALL_STAR08         (see above)
 |  |     |  |     
 |  |     |  +- USB_Device_Register_Service (see above)
 |  |     |  |  
 |  |     |  +- USB_Sof_Service     
 |  |     |  |  | 
 |  |     |  |  +- USB_Device_Set_Status (see above)
 |  |     |  |     
 |  |     |  +- USB_Suspend_Service 
 |  |     |  |  | 
 |  |     |  |  +- USB_Device_Get_Status (see above)
 |  |     |  |  |  
 |  |     |  |  +- USB_Device_Set_Status (see above)
 |  |     |  |     
 |  |     |  +- USB_Resume_Service  
 |  |     |  |  | 
 |  |     |  |  +- USB_Device_Get_Status (see above)
 |  |     |  |  |  
 |  |     |  |  +- USB_Device_Set_Status (see above)
 |  |     |  |     
 |  |     |  +- USB_Stall_Service   
 |  |     |  |  | 
 |  |     |  |  +- USB_Device_Set_Status (see above)
 |  |     |  |     
 |  |     |  +- USB_Error_Service   
 |  |     |  |  | 
 |  |     |  |  +- _CALL_STAR08         (see above)
 |  |     |  |     
 |  |     |  +- USB_Device_Set_Status (see above)
 |  |     |     
 |  |     +- USB_Class_CDC_Pstn_Init
 |  |          
 |  +- Watchdog_Reset      
 |  |    
 |  +- KbiDebounceTimerCallback
 |  |    
 |  +- AddTimerQ           
 |  |  | 
 |  |  +- DisableTimerInterrupt
 |  |  |    
 |  |  +- memcpy               (see above)
 |  |  |  
 |  |  +- EnableTimerInterrupt (see above)
 |  |     
 |  +- TestApp_Task        
 |     | 
 |     +- USB_Class_Periodic_Task
 |     |    
 |     +- EcgDsc_PeriodicTask 
 |     |  | 
 |     |  +- vfnapIICV1Driver    
 |     |  |  | 
 |     |  |  +- vfnIICV1StateIdle   
 |     |  |  |    
 |     |  |  +- vfnIICV1StateStartW 
 |     |  |  |    
 |     |  |  +- vfnIICV1StateStartR 
 |     |  |  |    
 |     |  |  +- vfnIICV1StateDataW  
 |     |  |  |    
 |     |  |  +- vfnIICV1StateDataR  
 |     |  |  |    
 |     |  |  +- vfnIICV1StateRestart
 |     |  |  |    
 |     |  |  +- vfnIICV1StateStop   
 |     |  |       
 |     |  +- EcgDscStateMachine  
 |     |  |  | 
 |     |  |  +- StateIdle           
 |     |  |  |    
 |     |  |  +- StateWritingStartCommand
 |     |  |  |  | 
 |     |  |  |  +- _Jump_Table_Header_Offset
 |     |  |  |  |    
 |     |  |  |  +- vfnIICV1Write       
 |     |  |  |  |    
 |     |  |  |  +- CheckWriteStatus    
 |     |  |  |  |    
 |     |  |  |  +- AddTimerQ            (see above)
 |     |  |  |     
 |     |  |  +- StateWritingStopCommand
 |     |  |  |  | 
 |     |  |  |  +- _Jump_Table_Header_Offset (see above)
 |     |  |  |  |  
 |     |  |  |  +- RemoveTimerQ        
 |     |  |  |  |  | 
 |     |  |  |  |  +- DisableTimerInterrupt (see above)
 |     |  |  |  |  |  
 |     |  |  |  |  +- memset               (see above)
 |     |  |  |  |  |  
 |     |  |  |  |  +- EnableTimerInterrupt (see above)
 |     |  |  |  |     
 |     |  |  |  +- vfnIICV1Write        (see above)
 |     |  |  |  |  
 |     |  |  |  +- CheckWriteStatus     (see above)
 |     |  |  |     
 |     |  |  +- StateReadingData    
 |     |  |  |  | 
 |     |  |  |  +- _Jump_Table_Header_Addr
 |     |  |  |  |    
 |     |  |  |  +- vfnIICV1RandomRead  
 |     |  |  |  |    
 |     |  |  |  +- vfnIICV1Write        (see above)
 |     |  |  |  |  
 |     |  |  |  +- CheckWriteStatus     (see above)
 |     |  |  |  |  
 |     |  |  |  +- AddTimerQ            (see above)
 |     |  |  |  |  
 |     |  |  |  +- vfnIICV1Read        
 |     |  |  |  |    
 |     |  |  |  +- CheckReadStatus     
 |     |  |  |       
 |     |  |  +- StateReadingHeartRate
 |     |  |     | 
 |     |  |     +- _Jump_Table_Header_Offset (see above)
 |     |  |     |  
 |     |  |     +- vfnIICV1RandomRead   (see above)
 |     |  |     |  
 |     |  |     +- CheckReadStatus      (see above)
 |     |  |     |  
 |     |  |     +- AddTimerQ            (see above)
 |     |  |        
 |     |  +- EcgDsc_Events       
 |     |     | 
 |     |     +- EcgDiagnosticModeNewDataReadyInd
 |     |        | 
 |     |        +- Virtual_Com_Send_Serial_Data
 |     |           | 
 |     |           +- USB_Class_CDC_Send_Data (see above)
 |     |              
 |     +- vfnEcgFirPeriodicTask
 |     |  | 
 |     |  +- EcgFirStateMachine  
 |     |     | 
 |     |     +- vfnEcgFirStateIdle  
 |     |     |    
 |     |     +- vfnEcgFirStateMeasuring
 |     |        | 
 |     |        +- _Jump_Table_Header_Addr (see above)
 |     |        |  
 |     |        +- ADC_Read16b         
 |     |        |    
 |     |        +- _LADD_RC            
 |     |        |  | 
 |     |        |  +- _ENTER_BINARY_L_RC  
 |     |        |  |  | 
 |     |        |  |  +- _PUSH_ARGS_L        
 |     |        |  |       
 |     |        |  +- _LADD_k_is_k_plus_j 
 |     |        |       
 |     |        +- _POP32              
 |     |        |    
 |     |        +- _LDIVS_RC           
 |     |        |  | 
 |     |        |  +- _ENTER_BINARY_L_RC   (see above)
 |     |        |  |  
 |     |        |  +- _LDIVS_k_is_k_div_j 
 |     |        |     | 
 |     |        |     +- _SPLITSIGN_L        
 |     |        |     |  | 
 |     |        |     |  +- _ABS_L_HX           
 |     |        |     |     | 
 |     |        |     |     +- _NEG_L_HX           
 |     |        |     |          
 |     |        |     +- _LDIVMOD            
 |     |        |     |    
 |     |        |     +- _NEG_L_HX            (see above)
 |     |        |        
 |     |        +- u32MAC              
 |     |        |  | 
 |     |        |  +- _LMUL               
 |     |        |  |  | 
 |     |        |  |  +- _ENTER_BINARY_L     
 |     |        |  |  |  | 
 |     |        |  |  |  +- _PUSH_ARGS_L         (see above)
 |     |        |  |  |     
 |     |        |  |  +- _LMUL_k_is_k_mul_j  
 |     |        |  |     | 
 |     |        |  |     +- _k_is_k_plus_j_l    
 |     |        |  |     |    
 |     |        |  |     +- _k_is_k_plus_j_i    
 |     |        |  |          
 |     |        |  +- _POP32               (see above)
 |     |        |  |  
 |     |        |  +- _LADD               
 |     |        |  |  | 
 |     |        |  |  +- _ENTER_BINARY_L      (see above)
 |     |        |  |  |  
 |     |        |  |  +- _LADD_k_is_k_plus_j  (see above)
 |     |        |  |     
 |     |        |  +- _COPY                (see above)
 |     |        |     
 |     |        +- _LDIVU_RC           
 |     |        |  | 
 |     |        |  +- _ENTER_BINARY_L_RC   (see above)
 |     |        |  |  
 |     |        |  +- _LDIVU_k_is_k_div_j 
 |     |        |     | 
 |     |        |     +- _LDIVMOD             (see above)
 |     |        |        
 |     |        +- _COPY                (see above)
 |     |        |  
 |     |        +- HR_periodic_task    
 |     |        |  | 
 |     |        |  +- SamplingCheck       
 |     |        |  |    
 |     |        |  +- HR_calculation      
 |     |        |  |  | 
 |     |        |  |  +- _IDIVU_STAR08       
 |     |        |  |     | 
 |     |        |  |     +- _IDIVMOD            
 |     |        |  |          
 |     |        |  +- AGC_task            
 |     |        |     | 
 |     |        |     +- opamp2_noninverting_mode (see above)
 |     |        |        
 |     |        +- EcgFir_Events       
 |     |           | 
 |     |           +- EcgDiagnosticModeNewDataReadyInd (see above)
 |     |              
 |     +- Ecg_PeriodicTask    
 |     |  | 
 |     |  +- EcgStateMachine     
 |     |  |  | 
 |     |  |  +- StateIdle           
 |     |  |  |    
 |     |  |  +- StateMeasuring      
 |     |  |     | 
 |     |  |     +- ADC_Read16b          (see above)
 |     |  |     |  
 |     |  |     +- MovingAverage_PushNewValue16b
 |     |  |     |  | 
 |     |  |     |  +- _LADD                (see above)
 |     |  |     |  |  
 |     |  |     |  +- _LSUB               
 |     |  |     |  |  | 
 |     |  |     |  |  +- _ENTER_BINARY_L      (see above)
 |     |  |     |  |  |  
 |     |  |     |  |  +- _LSUB_k_is_k_minus_j
 |     |  |     |  |       
 |     |  |     |  +- _POP32               (see above)
 |     |  |     |  |  
 |     |  |     |  +- _LDIVU_RC            (see above)
 |     |  |     |     
 |     |  |     +- AddTimerQ            (see above)
 |     |  |     |  
 |     |  |     +- PerformControlAlgorithm
 |     |  |     |    
 |     |  |     +- _ICMP                (see above)
 |     |  |     |  
 |     |  |     +- _IDIVU_STAR08        (see above)
 |     |  |     |  
 |     |  |     +- CalculateHeartRateMedian
 |     |  |     |    
 |     |  |     +- SendGraphDataToPc   
 |     |  |          
 |     |  +- Ecg_Events          
 |     |     | 
 |     |     +- EcgDiagnosticModeNewDataReadyInd (see above)
 |     |        
 |     +- Virtual_Com_Recv_Serial_Data
 |     |  | 
 |     |  +- ExecuteCommandReq   
 |     |     | 
 |     |     +- EcgDiagnosticModeStartMeasurementReq
 |     |     |  | 
 |     |     |  +- EcgFir_DiagnosticModeStartMeasurement
 |     |     |  |  | 
 |     |     |  |  +- ADC_Init16b         
 |     |     |  |  |    
 |     |     |  |  +- vfnTPM1_CH0_Init    
 |     |     |  |       
 |     |     |  +- Virtual_Com_Send_Serial_Data (see above)
 |     |     |     
 |     |     +- EcgDiagnosticModeStopMeasurementReq
 |     |     |  | 
 |     |     |  +- EcgFir_DiagnosticModeStopMeasurement
 |     |     |  |  | 
 |     |     |  |  +- vfnTPM1_CH0_Deinit  
 |     |     |  |       
 |     |     |  +- Ecg_DiagnosticModeStopMeasurement
 |     |     |  |  | 
 |     |     |  |  +- RemoveTimerQ         (see above)
 |     |     |  |     
 |     |     |  +- Virtual_Com_Send_Serial_Data (see above)
 |     |     |     
 |     |     +- EcgDiagnosticModeNewDataReadyInd (see above)
 |     |        
 |     +- Virtual_Com_Send_Serial_Data (see above)
 |     |  
 |     +- opamp2_noninverting_mode (see above)
 |        
 +- _Startup            
    | 
    +- Init                
    |  | 
    |  +- loadByte            
    |       
    +- main                 (see above)
       
 _Vector_24          
 | 
 +- vfnIICV1Interrupt   
      
 _Vector_28          
 | 
 +- Kbi_ISR             
      
 _Vector_2           
 | 
 +- IRQ_ISR             
      
 _Vector_18          
 | 
 +- Timer_ISR           
    | 
    +- TimerHandler        
       | 
       +- RemoveTimerQ         (see above)
          
 _Vector_14          
 | 
 +- Timer1_ISR          
    | 
    +- TimerHandler         (see above)
       
 _Vector_6           
 | 
 +- USB_ISR_vector      
    | 
    +- USB_ISR             
       | 
       +- USB_Device_Get_Status (see above)
       |  
       +- USB_Device_Call_Service
       |  | 
       |  +- USB_Device_Init_Params (see above)
       |  |  
       |  +- _CALL_STAR08         (see above)
       |     
       +- USB_Bus_Reset_Handler
       |  | 
       |  +- Clear_Mem            (see above)
       |     
       +- USB_Bus_Token_Cpl_Handler
          | 
          +- USB_DCI_Get_BDT_Index (see above)
          |  
          +- USB_DCI_Prepare_Send_Data (see above)
          |  
          +- _ICMP                (see above)
          |  
          +- memcpy               (see above)
          |  
          +- _IMODU_STAR08       
          |  | 
          |  +- _IDIVMOD             (see above)
          |     
          +- USB_Device_Call_Service (see above)
             
 _Vector_9           
 | 
 +- TPM1_CH0_ISR        
      
*********************************************************************************************
STATISTIC SECTION
---------------------------------------------------------------------------------------------

ExeFile:
--------
Number of blocks to be downloaded: 13
Total size of all blocks to be downloaded: 15211

